// Jest Snapshot v1, https://goo.gl/fbAQLP

exports[`<App /> renders 1`] = `
ShallowWrapper {
  "complexSelector": ComplexSelector {
    "buildPredicate": [Function],
    "childrenOfNode": [Function],
    "findWhereUnwrapped": [Function],
  },
  "length": 1,
  "node": <NavigationDrawer
    autoclose={true}
    constantDrawerType={false}
    contentComponent="main"
    contentId="main-content"
    defaultMedia="mobile"
    desktopDrawerType="full-height"
    desktopMinWidth={1025}
    drawerTitle="AppName"
    drawerTransitionDuration={300}
    extractMini={true}
    includeDrawerHeader={true}
    jumpLabel="Jump to content"
    mobileDrawerType="temporary"
    mobileMinWidth={320}
    persistentIconChildren="arrow_back"
    position="left"
    tabletDrawerType="temporary"
    tabletMinWidth={768}
    temporaryIconChildren="menu"
    toolbarActions={
        Array [
            <ButtonTooltipedInked
              component={[Function]}
              icon={true}
              inkTransitionEnterTimeout={450}
              inkTransitionLeaveTimeout={300}
              inkTransitionOverlap={150}
              tooltipLabel="Join AppName!"
        >
              person_add
        </ButtonTooltipedInked>,
            <ButtonTooltipedInked
              component={[Function]}
              icon={true}
              inkTransitionEnterTimeout={450}
              inkTransitionLeaveTimeout={300}
              inkTransitionOverlap={150}
              tooltipLabel="Sign in"
        >
              account_circle
        </ButtonTooltipedInked>,
          ]
    }
    toolbarThemeType="colored"
    transitionEnterTimeout={300}
    transitionName="md-cross-fade"
>
    <Route
        component={[Function]}
        exact={true}
        path="/"
    />
    <Route
        component={[Function]}
        exact={true}
        path="/login"
    />
</NavigationDrawer>,
  "nodes": Array [
    <NavigationDrawer
      autoclose={true}
      constantDrawerType={false}
      contentComponent="main"
      contentId="main-content"
      defaultMedia="mobile"
      desktopDrawerType="full-height"
      desktopMinWidth={1025}
      drawerTitle="AppName"
      drawerTransitionDuration={300}
      extractMini={true}
      includeDrawerHeader={true}
      jumpLabel="Jump to content"
      mobileDrawerType="temporary"
      mobileMinWidth={320}
      persistentIconChildren="arrow_back"
      position="left"
      tabletDrawerType="temporary"
      tabletMinWidth={768}
      temporaryIconChildren="menu"
      toolbarActions={
            Array [
                  <ButtonTooltipedInked
                    component={[Function]}
                    icon={true}
                    inkTransitionEnterTimeout={450}
                    inkTransitionLeaveTimeout={300}
                    inkTransitionOverlap={150}
                    tooltipLabel="Join AppName!"
            >
                    person_add
            </ButtonTooltipedInked>,
                  <ButtonTooltipedInked
                    component={[Function]}
                    icon={true}
                    inkTransitionEnterTimeout={450}
                    inkTransitionLeaveTimeout={300}
                    inkTransitionOverlap={150}
                    tooltipLabel="Sign in"
            >
                    account_circle
            </ButtonTooltipedInked>,
                ]
      }
      toolbarThemeType="colored"
      transitionEnterTimeout={300}
      transitionName="md-cross-fade"
>
      <Route
            component={[Function]}
            exact={true}
            path="/"
      />
      <Route
            component={[Function]}
            exact={true}
            path="/login"
      />
</NavigationDrawer>,
  ],
  "options": Object {},
  "renderer": ReactShallowRenderer {
    "_instance": ShallowComponentWrapper {
      "_calledComponentWillUnmount": false,
      "_compositeType": 0,
      "_context": Object {},
      "_currentElement": <App />,
      "_debugID": 1,
      "_hostContainerInfo": null,
      "_hostParent": null,
      "_instance": App {
        "_reactInternalInstance": [Circular],
        "context": Object {},
        "getDrawerOptions": [Function],
        "props": Object {},
        "refs": Object {},
        "renderLink": [Function],
        "state": null,
        "updater": Object {
          "enqueueCallback": [Function],
          "enqueueCallbackInternal": [Function],
          "enqueueElementInternal": [Function],
          "enqueueForceUpdate": [Function],
          "enqueueReplaceState": [Function],
          "enqueueSetState": [Function],
          "isMounted": [Function],
          "validateCallback": [Function],
        },
      },
      "_mountOrder": 1,
      "_pendingCallbacks": null,
      "_pendingElement": null,
      "_pendingForceUpdate": false,
      "_pendingReplaceState": false,
      "_pendingStateQueue": null,
      "_renderedComponent": NoopInternalComponent {
        "_currentElement": <NavigationDrawer
          autoclose={true}
          constantDrawerType={false}
          contentComponent="main"
          contentId="main-content"
          defaultMedia="mobile"
          desktopDrawerType="full-height"
          desktopMinWidth={1025}
          drawerTitle="AppName"
          drawerTransitionDuration={300}
          extractMini={true}
          includeDrawerHeader={true}
          jumpLabel="Jump to content"
          mobileDrawerType="temporary"
          mobileMinWidth={320}
          persistentIconChildren="arrow_back"
          position="left"
          tabletDrawerType="temporary"
          tabletMinWidth={768}
          temporaryIconChildren="menu"
          toolbarActions={
                    Array [
                              <ButtonTooltipedInked
                                component={[Function]}
                                icon={true}
                                inkTransitionEnterTimeout={450}
                                inkTransitionLeaveTimeout={300}
                                inkTransitionOverlap={150}
                                tooltipLabel="Join AppName!"
                    >
                                person_add
                    </ButtonTooltipedInked>,
                              <ButtonTooltipedInked
                                component={[Function]}
                                icon={true}
                                inkTransitionEnterTimeout={450}
                                inkTransitionLeaveTimeout={300}
                                inkTransitionOverlap={150}
                                tooltipLabel="Sign in"
                    >
                                account_circle
                    </ButtonTooltipedInked>,
                            ]
          }
          toolbarThemeType="colored"
          transitionEnterTimeout={300}
          transitionName="md-cross-fade"
>
          <Route
                    component={[Function]}
                    exact={true}
                    path="/"
          />
          <Route
                    component={[Function]}
                    exact={true}
                    path="/login"
          />
</NavigationDrawer>,
        "_debugID": 2,
        "_renderedOutput": <NavigationDrawer
          autoclose={true}
          constantDrawerType={false}
          contentComponent="main"
          contentId="main-content"
          defaultMedia="mobile"
          desktopDrawerType="full-height"
          desktopMinWidth={1025}
          drawerTitle="AppName"
          drawerTransitionDuration={300}
          extractMini={true}
          includeDrawerHeader={true}
          jumpLabel="Jump to content"
          mobileDrawerType="temporary"
          mobileMinWidth={320}
          persistentIconChildren="arrow_back"
          position="left"
          tabletDrawerType="temporary"
          tabletMinWidth={768}
          temporaryIconChildren="menu"
          toolbarActions={
                    Array [
                              <ButtonTooltipedInked
                                component={[Function]}
                                icon={true}
                                inkTransitionEnterTimeout={450}
                                inkTransitionLeaveTimeout={300}
                                inkTransitionOverlap={150}
                                tooltipLabel="Join AppName!"
                    >
                                person_add
                    </ButtonTooltipedInked>,
                              <ButtonTooltipedInked
                                component={[Function]}
                                icon={true}
                                inkTransitionEnterTimeout={450}
                                inkTransitionLeaveTimeout={300}
                                inkTransitionOverlap={150}
                                tooltipLabel="Sign in"
                    >
                                account_circle
                    </ButtonTooltipedInked>,
                            ]
          }
          toolbarThemeType="colored"
          transitionEnterTimeout={300}
          transitionName="md-cross-fade"
>
          <Route
                    component={[Function]}
                    exact={true}
                    path="/"
          />
          <Route
                    component={[Function]}
                    exact={true}
                    path="/login"
          />
</NavigationDrawer>,
      },
      "_renderedNodeType": 1,
      "_rootNodeID": 0,
      "_topLevelWrapper": null,
      "_updateBatchNumber": null,
      "_warnedAboutRefsInRender": false,
    },
    "getRenderOutput": [Function],
    "render": [Function],
  },
  "root": [Circular],
  "unrendered": <App />,
}
`;
