// Jest Snapshot v1, https://goo.gl/fbAQLP

exports[`<WithUser /> should render component 1`] = `
<span>
  1
   
  test
</span>
`;
